[2025-01-03 12:52:08] [ERROR] 必须指定操作模式，使用 --new, --transfer 或 --add。
[2025-01-03 12:52:08] [INFO] Usage: user_config.sh [options]
[2025-01-03 12:52:08] [INFO] 
[2025-01-03 12:52:08] [INFO] Options:
[2025-01-03 12:52:08] [INFO]   -s|--server       设置服务器 (必需)
[2025-01-03 12:52:08] [INFO]   -u|--users        设置用户列表（用逗号分隔，创建新文件或添加用户时必需）
[2025-01-03 12:52:08] [INFO]   -d|--directory    指定目录路径 (创建新文件时为输出目录的基准名, 修改现有文件时为源目录)
[2025-01-03 12:52:08] [INFO]   -g|--group         设置组名（仅在 --new 和 --transfer 模式下使用，拼接到生成的目录名上）
[2025-01-03 12:52:08] [INFO]   --new             创建新的 JSON 配置文件
[2025-01-03 12:52:08] [INFO]   --transfer        修改现有的 JSON 配置文件
[2025-01-03 12:52:08] [INFO]   --add             向指定目录添加多个用户的 JSON 配置文件
[2025-01-03 12:52:08] [INFO]   --force           强制覆盖文件，不提示用户确认
[2025-01-03 12:52:08] [INFO]   -h|--help         显示帮助信息
[2025-01-03 12:52:20] [INFO] 提取到的日期部分: 202412041334
[2025-01-03 12:52:20] [INFO] 从目录名中提取到组名: me 和服务器: spt
[2025-01-03 12:52:20] [INFO] 已创建目录: client_alp_me_202412041334
[2025-01-03 12:52:20] [INFO] 正在处理文件: client_spt_me_202412041334//cpp.json
[2025-01-03 12:52:20] [INFO] 已修改并保存文件: client_alp_me_202412041334/cpp.json
[2025-01-03 12:52:20] [INFO] 正在处理文件: client_spt_me_202412041334//frank.json
[2025-01-03 12:52:20] [INFO] 已修改并保存文件: client_alp_me_202412041334/frank.json
[2025-01-03 12:52:20] [INFO] 正在处理文件: client_spt_me_202412041334//reap.json
[2025-01-03 12:52:20] [INFO] 已修改并保存文件: client_alp_me_202412041334/reap.json
[2025-01-03 12:52:20] [INFO] 正在处理文件: client_spt_me_202412041334//rsp.json
[2025-01-03 12:52:20] [INFO] 已修改并保存文件: client_alp_me_202412041334/rsp.json
[2025-01-03 12:52:20] [INFO] 正在处理文件: client_spt_me_202412041334//starry.json
[2025-01-03 12:52:20] [INFO] 已修改并保存文件: client_alp_me_202412041334/starry.json
[2025-01-03 12:52:20] [INFO] 正在处理文件: client_spt_me_202412041334//ybh.json
[2025-01-03 12:52:20] [INFO] 已修改并保存文件: client_alp_me_202412041334/ybh.json
[2025-01-03 12:52:20] [INFO] 正在处理文件: client_spt_me_202412041334//yhbb.json
[2025-01-03 12:52:20] [INFO] 已修改并保存文件: client_alp_me_202412041334/yhbb.json
[2025-01-03 12:52:20] [INFO] 正在处理文件: client_spt_me_202412041334//yhdd.json
[2025-01-03 12:52:20] [INFO] 已修改并保存文件: client_alp_me_202412041334/yhdd.json
[2025-01-03 12:52:20] [INFO] 操作完成。
